[INFO] Starting test for full transcription with language detection
[INFO] Using Language ID container at: localhost:5003
[INFO] Using STT container for en-US at: localhost:5004
[INFO] Using STT container for ar-SA at: localhost:5005
[INFO] Processing audio file: audio/samples/Scenario1_20250323_S1056_New Postpaid Activation1.mp3
[INFO] Performing language detection on audio/samples/Scenario1_20250323_S1056_New Postpaid Activation1.mp3
[INFO] Converting audio/samples/Scenario1_20250323_S1056_New Postpaid Activation1.mp3 to audio/samples/Scenario1_20250323_S1056_New Postpaid Activation1.wav
[DEBUG] subprocess.call(['ffmpeg', '-y', '-f', 'mp3', '-i', 'audio/samples/Scenario1_20250323_S1056_New Postpaid Activation1.mp3', '-acodec', 'pcm_s16le', '-vn', '-f', 'wav', '-'])
[INFO] Converting stereo to mono
[INFO] Converting sample rate from 44100Hz to 16000Hz
[INFO] Successfully converted to audio/samples/Scenario1_20250323_S1056_New Postpaid Activation1.wav
[INFO] Using converted audio file: audio/samples/Scenario1_20250323_S1056_New Postpaid Activation1.wav
[DEBUG] Connecting to LID container at: localhost:5003
[DEBUG] Added ws:// prefix. Using host URL: ws://localhost:5003
[INFO] Starting continuous language identification
[DEBUG] Recognition stopped/canceled event received
[INFO] Wrote segments to test_segments.json
[INFO] STT host mapping: {'en-US': 'localhost:5004', 'ar-SA': 'localhost:5005'}
[INFO] Wrote complete transcript to test_transcript.json
[INFO] Full transcript: 
[INFO] Transcript file created: test_transcript.json
[INFO] Number of segments transcribed: 0
[INFO] Full transcript: 
[INFO] Test completed successfully
